// Jest Snapshot v1, https://goo.gl/fbAQLP

exports[`App  should render correctly 1`] = `
<WithStyles(ForwardRef(Grid))
  alignItems="center"
  container={true}
  direction="row"
  justify="center"
  style={
    Object {
      "marginTop": 10,
    }
  }
>
  <WithStyles(ForwardRef(Grid))
    alignItems="center"
    container={true}
    direction="column"
    justify="flex-start"
    style={
      Object {
        "marginBottom": 20,
      }
    }
  >
    <SwapCard />
  </WithStyles(ForwardRef(Grid))>
</WithStyles(ForwardRef(Grid))>
`;
